\BOOKMARK [2][-]{section*.1}{\376\377\000C\000o\000m\000p\000a\000r\000i\000n\000g\000\040\000P\000a\000r\000a\000m\000e\000t\000e\000r\000\040\000E\000s\000t\000i\000m\000a\000t\000e\000s}{}% 1
\BOOKMARK [2][-]{section*.2}{\376\377\000C\000o\000m\000p\000a\000r\000i\000n\000g\000\040\000F\000i\000t\000\040\000T\000i\000m\000e\000s\000\040\000\050\000C\000I\000\040\000t\000i\000m\000e\000s\000\051\000\040\000i\000n\000\040\000S\000e\000c\000o\000n\000d\000s}{}% 2
\BOOKMARK [1][-]{section*.3}{\376\377\000l\000m\000e\0004\000:\000\040\000g\000l\000m\000e\000r\000.\000n\000b}{}% 3
\BOOKMARK [2][-]{section*.4}{\376\377\000S\000h\000o\000w\000\040\000e\000s\000t\000i\000m\000a\000t\000e\000d\000\040\000r\000\040\000f\000r\000o\000m\000\040\000l\000m\000e\0004\000:\000\040\000g\000l\000m\000e\000r\000.\000n\000b}{section*.3}% 4
\BOOKMARK [3][-]{section*.5}{\376\377\000S\000h\000o\000w\000\040\000c\000o\000n\000f\000i\000d\000e\000n\000c\000e\000\040\000i\000n\000t\000e\000r\000v\000a\000l\000s\000\040\000f\000r\000o\000m\000\040\000l\000m\000e\0004\000:\000\040\000g\000l\000m\000e\000r\000.\000n\000b}{section*.4}% 5
\BOOKMARK [1][-]{section*.6}{\376\377\000g\000l\000m\000m\000T\000M\000B\000:\000\040\000g\000l\000m\000m\000T\000M\000B}{}% 6
\BOOKMARK [2][-]{section*.7}{\376\377\000S\000h\000o\000w\000\040\000e\000s\000t\000i\000m\000a\000t\000e\000d\000\040\000r\000\040\000f\000r\000o\000m\000\040\000g\000l\000m\000m\000T\000M\000B}{section*.6}% 7
\BOOKMARK [3][-]{section*.8}{\376\377\000S\000h\000o\000w\000\040\000c\000o\000n\000f\000i\000d\000e\000n\000c\000e\000\040\000i\000n\000t\000e\000r\000v\000a\000l\000s\000\040\000f\000r\000o\000m\000\040\000g\000l\000m\000m\000T\000M\000B}{section*.7}% 8
